dev/null
etc/applmgmt/appliance/appliance.conf
etc/applmgmt/appliance/authorization.conf
etc/applmgmt/appliance/global-fips.conf
etc/applmgmt/appliance/lighttpd.conf
etc/applmgmt/appliance/localaccounts.conf
etc/applmgmt/appliance/update.conf
etc/applmgmt/firstboot/applmgmt.properties
etc/certs
etc/cron.d
etc/default/grub
etc/gnutls/default-priorities
etc/group
etc/group-
etc/gshadow
etc/gshadow-
etc/hosts
etc/krb5.conf
etc/krb5.keytab
etc/krb5.lotus.conf
etc/likewise
etc/localtime
etc/login.defs
etc/logrotate.conf
etc/nscd.conf
etc/nsswitch.conf
etc/ntp.conf
etc/ntp.conf.orig
etc/odbc.ini
etc/odbcinst.ini
etc/openldap
etc/pam.d
etc/passwd
etc/passwd-
etc/pki/tls
etc/rsyslog.conf
etc/security
etc/shadow
etc/shadow-
etc/ssh/sshd_config
etc/ssl
etc/sudoers
etc/sysconfig
etc/sysctl.conf
etc/systemd
etc/vmware-analytics/agents
etc/vmware-analytics/firstboot/analytics_cisreg_spec.properties
etc/vmware-analytics/log4j.properties
etc/vmware-analytics/ph-configuration.properties
etc/vmware-analytics/ph-persistence.properties
etc/vmware-analytics/phservice-install.properties
etc/vmware-analytics/phservice.properties
etc/vmware-analytics/silenced-health-tests/silent.json
etc/vmware-analytics/telemetry_salt.txt
etc/vmware-cis-license/license.properties
etc/vmware-cis-license/licensespec.properties
etc/vmware-cis-license/log4j.properties
etc/vmware-cis-license/ls.properties
etc/vmware-cis-license/ph.properties
etc/vmware-cis-license/slms
etc/vmware-cis-license/subscription.management.properties
etc/vmware-content-library/cls_service_cisreg.spec
etc/vmware-content-library/config/cls-config.properties
etc/vmware-content-library/config/ts-config.properties
etc/vmware-content-library/config/vdcs-config.properties
etc/vmware-content-library/log4j.properties
etc/vmware-content-library/metadata/cls_privilege.xml
etc/vmware-content-library/metadata/cls_role.xml
etc/vmware-content-library/patch_version.txt
etc/vmware-content-library/vdc.properties
etc/vmware-eam/catalina.properties
etc/vmware-eam/eam-vim.properties
etc/vmware-eam/eam.properties
etc/vmware-eam/firstboot/eamspec.properties
etc/vmware-eam/log4j.properties
etc/vmware-eam/logging.properties
etc/vmware-eam/version
etc/vmware-envoy/config.cfg
etc/vmware-envoy/config.yaml
etc/vmware-hvc-svc/linkedVcsConfigFiles
etc/vmware-imagebuilder/sca-config/imagebuilder-config.props
etc/vmware-netdump/firstboot/netdump.properties
etc/vmware-observability/config/log4j-vapi.properties
etc/vmware-observability/config/log4j.properties
etc/vmware-observability/config/plugin.json
etc/vmware-perfcharts/log4j.properties
etc/vmware-perfcharts/perfcharts.properties
etc/vmware-perfcharts/perfcharts.sca.properties.py
etc/vmware-perfcharts/perfchartsspec.properties
etc/vmware-rhttpproxy/config.xml
etc/vmware-rhttpproxy/endpoints.conf.d
etc/vmware-sca/resourcebundles
etc/vmware-sca/scripts
etc/vmware-sca/services
etc/vmware-sso/keys/machine.crt
etc/vmware-sso/keys/ssoserver.crt
etc/vmware-sso/keys/ssoserverRoot.crt
etc/vmware-sso/trusts_cache
etc/vmware-syslog/syslog.conf
etc/vmware-vapi/endpoint-log4j.properties
etc/vmware-vapi/endpoint.properties
etc/vmware-vcha/vmware-vmon.service.bak
etc/vmware-vlcm/vlcm_db/encrypt.txt
etc/vmware-vlcm/vlcm_db/vlcm.properties
etc/vmware-vlcm/vlcm_db/vlcm.properties.tpl
etc/vmware-vpx/embedded_db.cfg
etc/vmware-vpx/extensions
etc/vmware-vpx/firstboot/vpxd-service-spec.prop
etc/vmware-vpx/instance.cfg
etc/vmware-vpx/ssl
etc/vmware-vpx/vc-extn-cisreg.prop
etc/vmware-vpx/vcdb.properties
etc/vmware-vpx/vpxd.cfg
etc/vmware-vsan-health/.cns_pgpass
etc/vmware-vsan-health/config.conf
etc/vmware-vsan-health/logger.conf
etc/vmware-vsan-health/mockFW.db
etc/vmware-vsan-health/silent.json
etc/vmware-vsan-health/vsanfw.db
etc/vmware-vsan-health/vsanhealth.properties
etc/vmware-vsan-health/vsanvcg.db
etc/vmware-vsm/log4j.properties
etc/vmware-vsm/vsm.properties
etc/vmware-vsm/vsmspec.properties
etc/vmware/appliance/dcui.cfg
etc/vmware/appliance/fileintegrity_config.json
etc/vmware/appliance/firewall.conf
etc/vmware/appliance/firewall/ccm-firewall.conf
etc/vmware/appliance/firewall/vmonapi
etc/vmware/appliance/firewall/vmware-mbcs
etc/vmware/appliance/firewall/vmware-netdumper
etc/vmware/appliance/firewall/vmware-rhttpproxy
etc/vmware/appliance/firewall/vmware-sca
etc/vmware/appliance/firewall/vmware-sso
etc/vmware/appliance/firewall/vmware-vpxd
etc/vmware/appliance/services.conf
etc/vmware/install-defaults
etc/vmware/java
etc/vmware/openedFirewallPorts.json
etc/vmware/rereg
etc/vmware/snmp.xml
etc/vmware/statsmonitor
etc/vmware/systemname_info.json
etc/vmware/vimtop
etc/vmware/vmware-vmafd/machine-ssl.crt
etc/vmware/vmware-vmafd/machine-ssl.key
etc/vmware/vmware-vmon/config.json
etc/vmware/vmware-vmon/profiles.json
etc/vmware/vmware-vmon/svcCfgfiles
etc/vmware/vmware-vmon/vapi/config.json
etc/vmware/vsphere-ui/compatibility-matrix.xml
etc/vmware/vsphere-ui/config/ds.properties
etc/vmware/vsphere-ui/keystore.jks
etc/vmware/vsphere-ui/webclient.properties
etc/vmware/wcp/.configured_marker
etc/vmware/wcp/.hdcs_configured_marker
etc/vmware/wcp/.pgpass
etc/vmware/wcp/.storageUser
etc/vmware/wcp/features.yaml
etc/vmware/wcp/guestclusters/*
etc/vmware/wcp/inProductTrial.yaml
etc/vmware/wcp/keyForCryptography.dat
etc/vmware/wcp/wcp_versions.yaml
etc/vmware/wcp/wcpsvc.yaml
opt/vmware/etc/lighttpd/lighttpd.conf
opt/vmware/share/config/idm.reg
storage/applmgmt/backup_restore/backup_schedule.json
storage/db/stellar.db
storage/db/vmware-vmafd/afd.db
storage/imagebuilder
storage/log/audit/sso-events
storage/log/vmware/sso
storage/vmware-vmon/.svcStats
storage/vmware-vmon/defaultStartProfile
storage/vsphere-ui/SerenityDB
storage/vsphere-ui/ceip
storage/vtsdb/vtsdbdata/pg_hba.conf
storage/vtsdb/vtsdbdata/pg_ident.conf
storage/vtsdb/vtsdbdata/postgresql.auto.conf
storage/vtsdb/vtsdbdata/postgresql.conf
storage/vtsdb/vtsdbdata/postgresql.conf.auto
usr/lib/systemd/system/appliance-shutdown.service
usr/lib/systemd/system/applmgmt.service
usr/lib/systemd/system/atftpd.socket
usr/lib/systemd/system/crond.service
usr/lib/systemd/system/dm-event.socket
usr/lib/systemd/system/dnsmasq.service
usr/lib/systemd/system/getty@.service
usr/lib/systemd/system/haveged.service
usr/lib/systemd/system/irqbalance.service
usr/lib/systemd/system/lvm2-activate.service
usr/lib/systemd/system/lvm2-lvmetad.socket
usr/lib/systemd/system/machines.target
usr/lib/systemd/system/multi-user.target
usr/lib/systemd/system/observability.service
usr/lib/systemd/system/remote-fs.target
usr/lib/systemd/system/rsyslog.service
usr/lib/systemd/system/sshd-keygen.service
usr/lib/systemd/system/sshd.service
usr/lib/systemd/system/sysstat-collect.timer
usr/lib/systemd/system/sysstat-summary.timer
usr/lib/systemd/system/sysstat.service
usr/lib/systemd/system/systemd-networkd-wait-online.service
usr/lib/systemd/system/systemd-networkd.socket
usr/lib/systemd/system/systemd-resolved.service
usr/lib/systemd/system/systemd-timesyncd.service
usr/lib/systemd/system/vami-lighttp.service
usr/lib/systemd/system/vgauthd.service
usr/lib/systemd/system/vmtoolsd.service
usr/lib/systemd/system/vmware-firewall.service
usr/lib/systemd/system/vmware-pod.service
usr/lib/systemd/system/vmware-vdtc.service
usr/lib/systemd/system/vmware-vmon.service
usr/lib/vmidentity/install/activedirectory/activedirectory-ls-spec.properties
usr/lib/vmidentity/install/tokenservice/tokenservice-ls-spec.properties
usr/lib/vmware-certificateauthority/config/log4j.properties
usr/lib/vmware-certificatemanagement/config/log4j.properties
usr/lib/vmware-hvc/config
usr/lib/vmware-infraprofile/config/log4j.properties
usr/lib/vmware-infraprofile/config/plugin.json
usr/lib/vmware-infraprofile/db/infraprofile.db
usr/lib/vmware-lookupsvc/conf/logging.properties
usr/lib/vmware-lookupsvc/conf/lookupsvc.properties
usr/lib/vmware-mbcs/conf/mbcs-log4j.properties
usr/lib/vmware-mbcs/conf/mbcs.properties
usr/lib/vmware-perfcharts/tc-instance/conf/catalina.properties
usr/lib/vmware-perfcharts/tc-instance/webapps/statsreport/WEB-INF/web.xml
usr/lib/vmware-perfcharts/wrapper/conf/wrapper.conf
usr/lib/vmware-sca/conf/sca-log4j.properties
usr/lib/vmware-sca/conf/sca.properties
usr/lib/vmware-sca/conf/scaspec.properties
usr/lib/vmware-sca/conf/vc-support.properties
usr/lib/vmware-sca/scripts
usr/lib/vmware-sso/vmware-sts
usr/lib/vmware-topologysvc/config/log4j.properties
usr/lib/vmware-trustmanagement/config/log4j.properties
usr/lib/vmware-updatemgr/bin/clients.xml
usr/lib/vmware-updatemgr/bin/configvalues.txt
usr/lib/vmware-updatemgr/bin/extension.xml
usr/lib/vmware-updatemgr/bin/hwcompat.xml
usr/lib/vmware-updatemgr/bin/jetty-vum-ssl.xml
usr/lib/vmware-updatemgr/bin/jetty-vum.xml
usr/lib/vmware-updatemgr/bin/ssl
usr/lib/vmware-updatemgr/bin/vci-integrity.xml
usr/lib/vmware-updatemgr/bin/vciInstallUtils_config.xml
usr/lib/vmware-updatemgr/config/disabled_checks.json
usr/lib/vmware-updatemgr/config/updatemgr-config.attrs
usr/lib/vmware-updatemgr/config/updatemgr-config.props
usr/lib/vmware-updatemgr/config/vvs-config.json
usr/lib/vmware-vcha/data/pg-firewall-block.conf
usr/lib/vmware-vcha/data/pg_hba_block.conf
usr/lib/vmware-vmafd/share
usr/lib/vmware-vmca/share
usr/lib/vmware-vmdir/share
usr/lib/vmware-vpx/sps/conf
usr/lib/vmware-vpx/sps/resources/static-content/sms/SmsMessageCatalog.zip
usr/lib/vmware-vpxd-svcs/lib/server/config
usr/lib/vmware-vsphere-ui/server/conf/catalina.properties
usr/lib/vmware-vsphere-ui/server/conf/server.xml
usr/lib/vmware-vsphere-ui/server/conf/serviceability.xml
usr/lib/vmware-vstats/config/config.json
usr/lib/vmware-vstats/config/privileges.xml
usr/lib/vmware-vstats/config/roles.xml
usr/lib/vmware-vstats/config/vstats-ls-spec.properties
usr/sbin/ifdown
usr/share/zoneinfo/UTC
var/lib/likewise
var/lib/vmware/vmca
var/lib/vmware/vmcam/ssl
var/log/vmware/cis-license/slms
var/vmware/wcp/certs/*